cd moonlight-common-c/ && ( test -e Makefile || /usr/bin/qmake6 -o Makefile /home/mopi/moonlight-os-stuff/selene/moonlight-common-c/moonlight-common-c.pro ) && make -f Makefile 
cd qmdnsengine/ && ( test -e Makefile || /usr/bin/qmake6 -o Makefile /home/mopi/moonlight-os-stuff/selene/qmdnsengine/qmdnsengine.pro ) && make -f Makefile 
cd h264bitstream/ && ( test -e Makefile || /usr/bin/qmake6 -o Makefile /home/mopi/moonlight-os-stuff/selene/h264bitstream/h264bitstream.pro ) && make -f Makefile 
make[1]: Entering directory '/home/mopi/moonlight-os-stuff/selene/build-selene/moonlight-common-c'
make -f Makefile.Release
make[1]: Entering directory '/home/mopi/moonlight-os-stuff/selene/build-selene/qmdnsengine'
make -f Makefile.Release
make[1]: Entering directory '/home/mopi/moonlight-os-stuff/selene/build-selene/h264bitstream'
make -f Makefile.Release
make[2]: Entering directory '/home/mopi/moonlight-os-stuff/selene/build-selene/moonlight-common-c'
make[2]: Nothing to be done for 'first'.
make[2]: Leaving directory '/home/mopi/moonlight-os-stuff/selene/build-selene/moonlight-common-c'
make[2]: Entering directory '/home/mopi/moonlight-os-stuff/selene/build-selene/qmdnsengine'
make[2]: Nothing to be done for 'first'.
make[2]: Leaving directory '/home/mopi/moonlight-os-stuff/selene/build-selene/qmdnsengine'
make[1]: Leaving directory '/home/mopi/moonlight-os-stuff/selene/build-selene/qmdnsengine'
make[1]: Leaving directory '/home/mopi/moonlight-os-stuff/selene/build-selene/moonlight-common-c'
make[2]: Entering directory '/home/mopi/moonlight-os-stuff/selene/build-selene/h264bitstream'
make[2]: Nothing to be done for 'first'.
make[2]: Leaving directory '/home/mopi/moonlight-os-stuff/selene/build-selene/h264bitstream'
make[1]: Leaving directory '/home/mopi/moonlight-os-stuff/selene/build-selene/h264bitstream'
cd app/ && ( test -e Makefile || /usr/bin/qmake6 -o Makefile /home/mopi/moonlight-os-stuff/selene/app/app.pro ) && make -f Makefile 
make[1]: Entering directory '/home/mopi/moonlight-os-stuff/selene/build-selene/app'
make -f Makefile.Release
make[2]: Entering directory '/home/mopi/moonlight-os-stuff/selene/build-selene/app'
g++ -Wl,-rpath,/usr/lib -Wl,-rpath-link,/usr/lib -o selene  release/nvaddress.o release/nvapp.o release/pair.o release/main.o release/computerseeker.o release/identitymanager.o release/nvcomputer.o release/nvhttp.o release/nvpairingmanager.o release/computermanager.o release/boxartmanager.o release/richpresencemanager.o release/commandlineparser.o release/listapps.o release/quitstream.o release/startstream.o release/compatfetcher.o release/mappingfetcher.o release/streamingpreferences.o release/abstouch.o release/gamepad.o release/input.o release/keyboard.o release/mouse.o release/reltouch.o release/session.o release/audio.o release/sdlaud.o release/computermodel.o release/appmodel.o release/bandwidth.o release/streamutils.o release/autoupdatechecker.o release/path.o release/mappingmanager.o release/sdlgamepadkeynavigation.o release/overlaymanager.o release/systemproperties.o release/wm.o release/ffmpeg.o release/genhwaccel.o release/sdlvid.o release/swframemapper.o release/pacer.o release/vaapi.o release/vdpau.o release/drm.o release/masterhook.o release/masterhook_internal.o release/plvk.o release/plvk_c.o release/eglvid.o release/egl_extensions.o release/eglimagefactory.o release/waylandvsyncsource.o release/qrc_resources.o release/qrc_qml.o release/moc_pair.o release/moc_compatfetcher.o release/moc_mappingfetcher.o release/moc_computerseeker.o release/moc_nvhttp.o release/moc_computermanager.o release/moc_boxartmanager.o release/moc_listapps.o release/moc_quitstream.o release/moc_startstream.o release/moc_streamingpreferences.o release/moc_session.o release/moc_computermodel.o release/moc_appmodel.o release/moc_autoupdatechecker.o release/moc_sdlgamepadkeynavigation.o release/moc_systemproperties.o   -ldl -pthread -L/home/mopi/moonlight-os-stuff/selene/build-selene/app/../moonlight-common-c/ -lmoonlight-common-c -L/home/mopi/moonlight-os-stuff/selene/build-selene/app/../qmdnsengine/ -lqmdnsengine -L/home/mopi/moonlight-os-stuff/selene/build-selene/app/../h264bitstream/ -lh264bitstream -lssl -lcrypto -lSDL2_ttf -lSDL2 -lopus -lavcodec -lavutil -lswscale -ldrm -lplacebo -lX11 -lva-x11 -lva-wayland -lwayland-client -lm -lva-drm -lva /usr/lib/libQt6QuickControls2.so /usr/lib/libQt6Quick.so /usr/lib/libQt6OpenGL.so /usr/lib/libQt6Svg.so /usr/lib/libQt6Gui.so /usr/lib/libGLX.so /usr/lib/libOpenGL.so /usr/lib/libQt6Qml.so /usr/lib/libQt6Network.so /usr/lib/libQt6Core.so -lpthread -lGLX -lOpenGL -lEGL  
/usr/bin/ld: error: release/main.o: file too short
collect2: error: ld returned 1 exit status
make[2]: *** [Makefile.Release:314: selene] Error 1
make[2]: Leaving directory '/home/mopi/moonlight-os-stuff/selene/build-selene/app'
make[1]: *** [Makefile:42: release] Error 2
make[1]: Leaving directory '/home/mopi/moonlight-os-stuff/selene/build-selene/app'
make: *** [Makefile:102: sub-app-make_first] Error 2
